
> brickfront@0.1.0 verify:build
> tsc --noEmit && npm run build && node scripts/verify-build.mjs


> brickfront@0.1.0 build
> vinext build


  vinext build  (Vite 8.0.13)

[1/5] analyze client references...
[2Ktransforming...✓ 226 modules transformed.
rendering chunks...
✓ built in 308ms
[2/5] analyze server references...
[2Ktransforming...✓ 334 modules transformed.
rendering chunks...
✓ built in 613ms
[3/5] build rsc environment...
[2Ktransforming...✓ 223 modules transformed.
rendering chunks...
computing gzip size...
✓ built in 215ms
[4/5] build client environment...
[2Ktransforming...✓ 2139 modules transformed.
rendering chunks...
computing gzip size...
[plugin builtin:vite-reporter] 
(!) Some chunks are larger than 500 kB after minification. Consider:
- Using dynamic import() to code-split the application
- Use build.rolldownOptions.output.codeSplitting to improve chunking: https://rolldown.rs/reference/OutputOptions.codeSplitting
- Adjust chunk size limit for this warning via build.chunkSizeWarningLimit.
✓ built in 927ms
[5/5] build ssr environment...
[2Ktransforming...✓ 342 modules transformed.
rendering chunks...
computing gzip size...
✓ built in 400ms
[0m
  Route (app)
  ─ ? /

  ? Unknown

  ? Some routes could not be classified. vinext currently uses static analysis
    and cannot detect dynamic API usage (headers(), cookies(), etc.) at build time.
    Automatic classification will be improved in a future release.

  Build complete. Run `vinext start` to start the production server.

BUILD VERIFIED
